I'm sorry, but errors were detected in your script. Please correct the
errors listed below, and try again.


File "game/Scripts/chapter2 tunnel-1.rpy", line 298: is not terminated with a newline. (Check strings and parenthesis.)
(Perhaps you left out a " at the end of the first line.)
        g2 " *slow building scream*

Ren'Py Version: Ren'Py 8.1.1.23052503+nightly
Sat Jun 24 23:06:48 2023
